2026-08-23 22:37:02 INFO  (LoggingInitialization) Using log config file: jar:file:/opt/homebrew/Cellar/ghidra/12.1.3/libexec/Ghidra/Framework/Generic/lib/Generic.jar!/generic.log4j.xml  
2026-08-23 22:37:02 INFO  (LoggingInitialization) Using log file: /Users/bimap/Documents/Coding/SmartGlasses/Reverse/firmware/analysis/en_usb_headless.log  
2026-08-23 22:37:02 DEBUG (GhidraObjectInputFilter) Including serial input filter: FileSystem/data/client.rmi.serial.filter  
2026-08-23 22:37:02 INFO  (Preferences) Loading user preferences: /Users/bimap/Library/ghidra/ghidra_12.1.3_PUBLIC/preferences  
2026-08-23 22:37:02 INFO  (ClassSearcher) Searching for classes...  
2026-08-23 22:37:03 INFO  (ClassSearcher) Class search complete (666 ms)  
2026-08-23 22:37:03 INFO  (DefaultSSLContextInitializer) Initializing SSL Context  
2026-08-23 22:37:03 INFO  (SecureRandomFactory) Initializing Random Number Generator...  
2026-08-23 22:37:03 INFO  (SecureRandomFactory) Random Number Generator initialization complete: NativePRNGNonBlocking  
2026-08-23 22:37:03 INFO  (DefaultTrustManagerFactory) Trust manager disabled, cacerts have not been set  
2026-08-23 22:37:03 INFO  (AnalyzeHeadless) Headless startup complete (1670 ms)  
2026-08-23 22:37:03 INFO  (ClassSearcher) Class searcher loaded 59 extension points (20 false positives)  
2026-08-23 22:37:03 INFO  (HeadlessAnalyzer) HEADLESS Script Paths:
    /opt/homebrew/Cellar/ghidra/12.1.3/libexec/Ghidra/Processors/8051/ghidra_scripts
    /opt/homebrew/Cellar/ghidra/12.1.3/libexec/Ghidra/Debug/Debugger-rmi-trace/ghidra_scripts
    /opt/homebrew/Cellar/ghidra/12.1.3/libexec/Ghidra/Features/FileFormats/ghidra_scripts
    /opt/homebrew/Cellar/ghidra/12.1.3/libexec/Ghidra/Features/Decompiler/ghidra_scripts
    /opt/homebrew/Cellar/ghidra/12.1.3/libexec/Ghidra/Features/PDB/ghidra_scripts
    /opt/homebrew/Cellar/ghidra/12.1.3/libexec/Ghidra/Processors/JVM/ghidra_scripts
    /opt/homebrew/Cellar/ghidra/12.1.3/libexec/Ghidra/Features/SystemEmulation/ghidra_scripts
    /opt/homebrew/Cellar/ghidra/12.1.3/libexec/Ghidra/Processors/PIC/ghidra_scripts
    /opt/homebrew/Cellar/ghidra/12.1.3/libexec/Ghidra/Debug/Debugger/ghidra_scripts
    /opt/homebrew/Cellar/ghidra/12.1.3/libexec/Ghidra/Features/GnuDemangler/ghidra_scripts
    /opt/homebrew/Cellar/ghidra/12.1.3/libexec/Ghidra/Features/MicrosoftCodeAnalyzer/ghidra_scripts
    /opt/homebrew/Cellar/ghidra/12.1.3/libexec/Ghidra/Features/PyGhidra/ghidra_scripts
    /opt/homebrew/Cellar/ghidra/12.1.3/libexec/Ghidra/Features/SwiftDemangler/ghidra_scripts
    /opt/homebrew/Cellar/ghidra/12.1.3/libexec/Ghidra/Features/WildcardAssembler/ghidra_scripts
    /opt/homebrew/Cellar/ghidra/12.1.3/libexec/Ghidra/Features/VersionTracking/ghidra_scripts
    /opt/homebrew/Cellar/ghidra/12.1.3/libexec/Ghidra/Features/BSim/ghidra_scripts
    /opt/homebrew/Cellar/ghidra/12.1.3/libexec/Ghidra/Features/BytePatterns/ghidra_scripts
    /opt/homebrew/Cellar/ghidra/12.1.3/libexec/Ghidra/Processors/Atmel/ghidra_scripts
    /opt/homebrew/Cellar/ghidra/12.1.3/libexec/Ghidra/Features/DecompilerDependent/ghidra_scripts
    /opt/homebrew/Cellar/ghidra/12.1.3/libexec/Ghidra/Processors/DATA/ghidra_scripts
    /opt/homebrew/Cellar/ghidra/12.1.3/libexec/Ghidra/Features/Base/ghidra_scripts
    /opt/homebrew/Cellar/ghidra/12.1.3/libexec/Ghidra/Features/FunctionID/ghidra_scripts
    /Users/bimap/Documents/Coding/SmartGlasses/Reverse/firmware/analysis/ghidra_scripts  
2026-08-23 22:37:03 INFO  (HeadlessAnalyzer) HEADLESS: execution starts  
2026-08-23 22:37:03 INFO  (HeadlessAnalyzer) Opening existing project: /Users/bimap/Documents/Coding/SmartGlasses/Reverse/firmware/analysis/ghidra_proj/star_air3  
2026-08-23 22:37:04 INFO  (HeadlessProject) Opening project: /Users/bimap/Documents/Coding/SmartGlasses/Reverse/firmware/analysis/ghidra_proj/star_air3  
2026-08-23 22:37:05 INFO  (HeadlessAnalyzer) REPORT: Processing project file: /platform_tester.bin  
2026-08-23 22:37:05 INFO  (HeadlessAnalyzer) REPORT: Execute script: EnUsbHunt.java '/Users/bimap/Documents/Coding/SmartGlasses/Reverse/firmware/analysis/en_usb_hunt.txt'   
2026-08-23 22:37:05 INFO  (HeadlessAnalyzer) SCRIPT: /Users/bimap/Documents/Coding/SmartGlasses/Reverse/firmware/analysis/ghidra_scripts/EnUsbHunt.java  
2026-08-23 22:37:06 WARN  (DecompileCallback) Decompiling 2c5abf68, pcode error at 2c5abf6c: Unable to resolve constructor at 2c5abf6c  
2026-08-23 22:37:06 INFO  (GhidraScript) EnUsbHunt.java> wrote /Users/bimap/Documents/Coding/SmartGlasses/Reverse/firmware/analysis/en_usb_hunt.txt  
2026-08-23 22:37:06 INFO  (HeadlessAnalyzer) REPORT: Save succeeded for processed file: /platform_tester.bin  
